// Jest Snapshot v1, https://goo.gl/fbAQLP

exports[`renders correctly 1`] = `
<div
  className="relative pt-1"
>
  <div
    className="overflow-hidden  h-2 mb-4 text-xs flex rounded bg-blue-200"
  >
    <div
      className="shadow-none  flex flex-col text-center whitespace-nowrap text-white justify-center  bg-yellow-500 transition-all duration-200"
      style={
        Object {
          "width": "0%",
        }
      }
    />
  </div>
</div>
`;
