// Jest Snapshot v1, https://goo.gl/fbAQLP

exports[`renders correctly 1`] = `
<button
  className="  px-8 py-1 sm:px-8 sm:py-1 md:px-10 md:py-2 lg:px-16 lg:py-3 bg-main-pink hover:bg-transparent  border-2  hover:text-main-pink border-main-pink transition duration-500  ease-in-out rounded"
  disabled={false}
  type="button"
/>
`;
