// Jest Snapshot v1, https://goo.gl/fbAQLP

exports[`renders correctly 1`] = `
<div>
  <section
    className=" pt-10 relative "
  >
    <div
      className="justify-center text-center flex flex-wrap py-8 Header flex-grow  w-full h-64 top-0 py-48 "
    >
      <div
        className="w-full md:w-6/12  md:px-4"
      >
        <h2
          className="font-semibold text-4xl text-blue-700"
        >
          aboutus
        </h2>
        <p
          className="text-lg leading-relaxed mt-4 mb-4 text-gray-600"
        >
          detailaboutus
        </p>
      </div>
    </div>
    <div
      className="container mx-auto px-4 py-8"
    >
      <div
        className="items-center flex flex-col md:flex-row"
      >
        <div
          className="w-full md:w-6/12 mr-auto px-4 md:pt-0 my-0"
        >
          <svg>
            whatdo3.svg
          </svg>
        </div>
        <div
          className="w-full md:w-5/12 ml-auto mr-auto px-4"
        >
          <div
            className="md:pr-4"
          >
            <h3
              className="text-3xl font-semibold text-green-500"
            >
              mission
            </h3>
            <p
              className="mt-4 text-lg leading-relaxed text-gray-600"
            >
              ourmission
            </p>
          </div>
        </div>
      </div>
    </div>
    <div
      className="container mx-auto px-4 py-8"
    >
      <div
        className="items-center flex flex-col md:flex-row-reverse"
      >
        <div
          className="w-full md:w-4/12 mr-auto px-4 md:pt-0 my-0"
        >
          <svg>
            goals.svg
          </svg>
        </div>
        <div
          className="w-full md:w-5/12 ml-auto mr-auto px-4"
        >
          <div
            className="md:pr-4"
          >
            <h3
              className="text-3xl font-semibold text-green-500"
            >
              ourgoals
            </h3>
            <p
              className="mt-4 text-lg leading-relaxed text-gray-600"
            >
              goalsdetail
            </p>
          </div>
        </div>
      </div>
    </div>
  </section>
  <section
    className="mt-40 pb-20 py-10 relative bg-gray-200"
  >
    <div
      className="justify-center text-center flex flex-wrap py-8"
    >
      <div
        className=" md:w-6/12"
      >
        <h2
          className="font-semibold text-4xl text-blue-700"
        >
          Our Values
        </h2>
        <div
          className="justify-between mt-10 flex flex-wrap -mb-4"
        >
          <div
            className="text-red-600 p-3 text-center inline-flex items-center justify-center w-16 h-16 mb-6 shadow-lg rounded-full bg-white "
          >
            <div
              aria-label="animation"
              onClick={[Function]}
              role="button"
              style={
                Object {
                  "height": "auto",
                  "margin": "0 auto",
                  "outline": "none",
                  "overflow": "hidden",
                  "width": "100%",
                }
              }
              tabIndex="0"
              title=""
            />
          </div>
          <div
            className="text-red-600 p-3 text-center inline-flex items-center justify-center w-16 h-16 mb-6 shadow-lg rounded-full bg-white "
          >
            <div
              aria-label="animation"
              onClick={[Function]}
              role="button"
              style={
                Object {
                  "height": "auto",
                  "margin": "0 auto",
                  "outline": "none",
                  "overflow": "hidden",
                  "width": "100%",
                }
              }
              tabIndex="0"
              title=""
            />
          </div>
          <div
            className="text-red-600 p-3 text-center inline-flex items-center justify-center w-16 h-16 mb-6 shadow-lg rounded-full bg-white  "
          >
            <div
              aria-label="animation"
              onClick={[Function]}
              role="button"
              style={
                Object {
                  "height": "auto",
                  "margin": "0 auto",
                  "outline": "none",
                  "overflow": "hidden",
                  "width": "100%",
                }
              }
              tabIndex="0"
              title=""
            />
          </div>
        </div>
      </div>
    </div>
  </section>
  <section
    className="m-auto mt-10 pb-20 py-10 relative "
  >
    <div
      className="justify-center text-center flex flex-wrap py-8"
    >
      <div
        className="w-full md:w-6/12 px-12 md:px-4"
      >
        <h2
          className="font-semibold text-4xl text-blue-700"
        >
          ourteam
        </h2>
        <p
          className="text-lg leading-relaxed mt-4 mb-4 text-gray-600"
        >
          detailteam
        </p>
      </div>
    </div>
    <div
      className=" justify-center md:flex md:flex-wrap -mb-4"
    >
      <div
        className="p-8 mb-4  sm:w-1/1  md:w-1/2  lg:w-1/3"
      >
        <div
          className="w-auto rounded overflow-hidden border hover:shadow-lg"
        >
          <div
            className="p-3 text-center "
          >
            <img
              alt="team member"
              className="w-32 h-auto mx-auto border-4 border-green-500 border-solid rounded-full"
              src="teamFatima.jpg"
            />
            <div
              className="px-6"
            >
              <div
                className="pt-6 font-sans text-lg font-bold text-gray-700"
              >
                <h2>
                  1. Fatima Almashhor
                </h2>
              </div>
              <div
                className="py-2 font-sans text-xs font-bold text-gray-600 "
              >
                <h3>
                  CTO
                </h3>
              </div>
              <p
                className="pt-2 pb-4 text-xs text-gray-600"
              >
                fatima.almashhor@gmail.com
              </p>
            </div>
            <hr
              className="w-1/2 m-auto "
            />
            <div
              className="pt-4 "
            >
              <a
                href="https://twitter.com/"
                rel="noreferrer noopener"
                target="_blank"
              >
                <svg
                  aria-hidden="true"
                  className="svg-inline--fa fa-twitter fa-w-16 mx-3 text-lg text-gray-600 hover:text-blue-500"
                  data-icon="twitter"
                  data-prefix="fab"
                  focusable="false"
                  role="img"
                  style={Object {}}
                  viewBox="0 0 512 512"
                  xmlns="http://www.w3.org/2000/svg"
                >
                  <path
                    d="M459.37 151.716c.325 4.548.325 9.097.325 13.645 0 138.72-105.583 298.558-298.558 298.558-59.452 0-114.68-17.219-161.137-47.106 8.447.974 16.568 1.299 25.34 1.299 49.055 0 94.213-16.568 130.274-44.832-46.132-.975-84.792-31.188-98.112-72.772 6.498.974 12.995 1.624 19.818 1.624 9.421 0 18.843-1.3 27.614-3.573-48.081-9.747-84.143-51.98-84.143-102.985v-1.299c13.969 7.797 30.214 12.67 47.431 13.319-28.264-18.843-46.781-51.005-46.781-87.391 0-19.492 5.197-37.36 14.294-52.954 51.655 63.675 129.3 105.258 216.365 109.807-1.624-7.797-2.599-15.918-2.599-24.04 0-57.828 46.782-104.934 104.934-104.934 30.213 0 57.502 12.67 76.67 33.137 23.715-4.548 46.456-13.32 66.599-25.34-7.798 24.366-24.366 44.833-46.132 57.827 21.117-2.273 41.584-8.122 60.426-16.243-14.292 20.791-32.161 39.308-52.628 54.253z"
                    fill="currentColor"
                    style={Object {}}
                  />
                </svg>
              </a>
              <a
                href="https://www.linkedin.com/"
                rel="noreferrer noopener"
                target="_blank"
              >
                <svg
                  aria-hidden="true"
                  className="svg-inline--fa fa-linkedin fa-w-14 mx-3 text-lg text-gray-600 hover:text-blue-600"
                  data-icon="linkedin"
                  data-prefix="fab"
                  focusable="false"
                  role="img"
                  style={Object {}}
                  viewBox="0 0 448 512"
                  xmlns="http://www.w3.org/2000/svg"
                >
                  <path
                    d="M416 32H31.9C14.3 32 0 46.5 0 64.3v383.4C0 465.5 14.3 480 31.9 480H416c17.6 0 32-14.5 32-32.3V64.3c0-17.8-14.4-32.3-32-32.3zM135.4 416H69V202.2h66.5V416zm-33.2-243c-21.3 0-38.5-17.3-38.5-38.5S80.9 96 102.2 96c21.2 0 38.5 17.3 38.5 38.5 0 21.3-17.2 38.5-38.5 38.5zm282.1 243h-66.4V312c0-24.8-.5-56.7-34.5-56.7-34.6 0-39.9 27-39.9 54.9V416h-66.4V202.2h63.7v29.2h.9c8.9-16.8 30.6-34.5 62.9-34.5 67.2 0 79.7 44.3 79.7 101.9V416z"
                    fill="currentColor"
                    style={Object {}}
                  />
                </svg>
              </a>
              <a
                href="https://www.facebook.com/"
                rel="noreferrer noopener"
                target="_blank"
              >
                <svg
                  aria-hidden="true"
                  className="svg-inline--fa fa-facebook fa-w-16 mx-3 text-lg text-gray-600 hover:text-blue-700"
                  data-icon="facebook"
                  data-prefix="fab"
                  focusable="false"
                  role="img"
                  style={Object {}}
                  viewBox="0 0 512 512"
                  xmlns="http://www.w3.org/2000/svg"
                >
                  <path
                    d="M504 256C504 119 393 8 256 8S8 119 8 256c0 123.78 90.69 226.38 209.25 245V327.69h-63V256h63v-54.64c0-62.15 37-96.48 93.67-96.48 27.14 0 55.52 4.84 55.52 4.84v61h-31.28c-30.8 0-40.41 19.12-40.41 38.73V256h68.78l-11 71.69h-57.78V501C413.31 482.38 504 379.78 504 256z"
                    fill="currentColor"
                    style={Object {}}
                  />
                </svg>
              </a>
              <a
                href="https://www.instagram.com/"
                rel="noreferrer noopener"
                target="_blank"
              >
                <svg
                  aria-hidden="true"
                  className="svg-inline--fa fa-instagram fa-w-14 mx-3 text-lg text-gray-600 hover:text-red-700"
                  data-icon="instagram"
                  data-prefix="fab"
                  focusable="false"
                  role="img"
                  style={Object {}}
                  viewBox="0 0 448 512"
                  xmlns="http://www.w3.org/2000/svg"
                >
                  <path
                    d="M224.1 141c-63.6 0-114.9 51.3-114.9 114.9s51.3 114.9 114.9 114.9S339 319.5 339 255.9 287.7 141 224.1 141zm0 189.6c-41.1 0-74.7-33.5-74.7-74.7s33.5-74.7 74.7-74.7 74.7 33.5 74.7 74.7-33.6 74.7-74.7 74.7zm146.4-194.3c0 14.9-12 26.8-26.8 26.8-14.9 0-26.8-12-26.8-26.8s12-26.8 26.8-26.8 26.8 12 26.8 26.8zm76.1 27.2c-1.7-35.9-9.9-67.7-36.2-93.9-26.2-26.2-58-34.4-93.9-36.2-37-2.1-147.9-2.1-184.9 0-35.8 1.7-67.6 9.9-93.9 36.1s-34.4 58-36.2 93.9c-2.1 37-2.1 147.9 0 184.9 1.7 35.9 9.9 67.7 36.2 93.9s58 34.4 93.9 36.2c37 2.1 147.9 2.1 184.9 0 35.9-1.7 67.7-9.9 93.9-36.2 26.2-26.2 34.4-58 36.2-93.9 2.1-37 2.1-147.8 0-184.8zM398.8 388c-7.8 19.6-22.9 34.7-42.6 42.6-29.5 11.7-99.5 9-132.1 9s-102.7 2.6-132.1-9c-19.6-7.8-34.7-22.9-42.6-42.6-11.7-29.5-9-99.5-9-132.1s-2.6-102.7 9-132.1c7.8-19.6 22.9-34.7 42.6-42.6 29.5-11.7 99.5-9 132.1-9s102.7-2.6 132.1 9c19.6 7.8 34.7 22.9 42.6 42.6 11.7 29.5 9 99.5 9 132.1s2.7 102.7-9 132.1z"
                    fill="currentColor"
                    style={Object {}}
                  />
                </svg>
              </a>
            </div>
          </div>
        </div>
      </div>
      <div
        className="p-8 mb-4  sm:w-1/1  md:w-1/2  lg:w-1/3"
      >
        <div
          className="w-auto rounded overflow-hidden border hover:shadow-lg"
        >
          <div
            className="p-3 text-center "
          >
            <img
              alt="team member"
              className="w-32 h-auto mx-auto border-4 border-green-500 border-solid rounded-full"
              src="teamDhiaa.jpg"
            />
            <div
              className="px-6"
            >
              <div
                className="pt-6 font-sans text-lg font-bold text-gray-700"
              >
                <h2>
                  2. Dhiaa Alshamy
                </h2>
              </div>
              <div
                className="py-2 font-sans text-xs font-bold text-gray-600 "
              >
                <h3>
                  IT
                </h3>
              </div>
              <p
                className="pt-2 pb-4 text-xs text-gray-600"
              >
                dhodhof@gmail.com
              </p>
            </div>
            <hr
              className="w-1/2 m-auto "
            />
            <div
              className="pt-4 "
            >
              <a
                href="https://twitter.com/"
                rel="noreferrer noopener"
                target="_blank"
              >
                <svg
                  aria-hidden="true"
                  className="svg-inline--fa fa-twitter fa-w-16 mx-3 text-lg text-gray-600 hover:text-blue-500"
                  data-icon="twitter"
                  data-prefix="fab"
                  focusable="false"
                  role="img"
                  style={Object {}}
                  viewBox="0 0 512 512"
                  xmlns="http://www.w3.org/2000/svg"
                >
                  <path
                    d="M459.37 151.716c.325 4.548.325 9.097.325 13.645 0 138.72-105.583 298.558-298.558 298.558-59.452 0-114.68-17.219-161.137-47.106 8.447.974 16.568 1.299 25.34 1.299 49.055 0 94.213-16.568 130.274-44.832-46.132-.975-84.792-31.188-98.112-72.772 6.498.974 12.995 1.624 19.818 1.624 9.421 0 18.843-1.3 27.614-3.573-48.081-9.747-84.143-51.98-84.143-102.985v-1.299c13.969 7.797 30.214 12.67 47.431 13.319-28.264-18.843-46.781-51.005-46.781-87.391 0-19.492 5.197-37.36 14.294-52.954 51.655 63.675 129.3 105.258 216.365 109.807-1.624-7.797-2.599-15.918-2.599-24.04 0-57.828 46.782-104.934 104.934-104.934 30.213 0 57.502 12.67 76.67 33.137 23.715-4.548 46.456-13.32 66.599-25.34-7.798 24.366-24.366 44.833-46.132 57.827 21.117-2.273 41.584-8.122 60.426-16.243-14.292 20.791-32.161 39.308-52.628 54.253z"
                    fill="currentColor"
                    style={Object {}}
                  />
                </svg>
              </a>
              <a
                href="https://www.linkedin.com/"
                rel="noreferrer noopener"
                target="_blank"
              >
                <svg
                  aria-hidden="true"
                  className="svg-inline--fa fa-linkedin fa-w-14 mx-3 text-lg text-gray-600 hover:text-blue-600"
                  data-icon="linkedin"
                  data-prefix="fab"
                  focusable="false"
                  role="img"
                  style={Object {}}
                  viewBox="0 0 448 512"
                  xmlns="http://www.w3.org/2000/svg"
                >
                  <path
                    d="M416 32H31.9C14.3 32 0 46.5 0 64.3v383.4C0 465.5 14.3 480 31.9 480H416c17.6 0 32-14.5 32-32.3V64.3c0-17.8-14.4-32.3-32-32.3zM135.4 416H69V202.2h66.5V416zm-33.2-243c-21.3 0-38.5-17.3-38.5-38.5S80.9 96 102.2 96c21.2 0 38.5 17.3 38.5 38.5 0 21.3-17.2 38.5-38.5 38.5zm282.1 243h-66.4V312c0-24.8-.5-56.7-34.5-56.7-34.6 0-39.9 27-39.9 54.9V416h-66.4V202.2h63.7v29.2h.9c8.9-16.8 30.6-34.5 62.9-34.5 67.2 0 79.7 44.3 79.7 101.9V416z"
                    fill="currentColor"
                    style={Object {}}
                  />
                </svg>
              </a>
              <a
                href="https://www.facebook.com/"
                rel="noreferrer noopener"
                target="_blank"
              >
                <svg
                  aria-hidden="true"
                  className="svg-inline--fa fa-facebook fa-w-16 mx-3 text-lg text-gray-600 hover:text-blue-700"
                  data-icon="facebook"
                  data-prefix="fab"
                  focusable="false"
                  role="img"
                  style={Object {}}
                  viewBox="0 0 512 512"
                  xmlns="http://www.w3.org/2000/svg"
                >
                  <path
                    d="M504 256C504 119 393 8 256 8S8 119 8 256c0 123.78 90.69 226.38 209.25 245V327.69h-63V256h63v-54.64c0-62.15 37-96.48 93.67-96.48 27.14 0 55.52 4.84 55.52 4.84v61h-31.28c-30.8 0-40.41 19.12-40.41 38.73V256h68.78l-11 71.69h-57.78V501C413.31 482.38 504 379.78 504 256z"
                    fill="currentColor"
                    style={Object {}}
                  />
                </svg>
              </a>
              <a
                href="https://www.instagram.com/"
                rel="noreferrer noopener"
                target="_blank"
              >
                <svg
                  aria-hidden="true"
                  className="svg-inline--fa fa-instagram fa-w-14 mx-3 text-lg text-gray-600 hover:text-red-700"
                  data-icon="instagram"
                  data-prefix="fab"
                  focusable="false"
                  role="img"
                  style={Object {}}
                  viewBox="0 0 448 512"
                  xmlns="http://www.w3.org/2000/svg"
                >
                  <path
                    d="M224.1 141c-63.6 0-114.9 51.3-114.9 114.9s51.3 114.9 114.9 114.9S339 319.5 339 255.9 287.7 141 224.1 141zm0 189.6c-41.1 0-74.7-33.5-74.7-74.7s33.5-74.7 74.7-74.7 74.7 33.5 74.7 74.7-33.6 74.7-74.7 74.7zm146.4-194.3c0 14.9-12 26.8-26.8 26.8-14.9 0-26.8-12-26.8-26.8s12-26.8 26.8-26.8 26.8 12 26.8 26.8zm76.1 27.2c-1.7-35.9-9.9-67.7-36.2-93.9-26.2-26.2-58-34.4-93.9-36.2-37-2.1-147.9-2.1-184.9 0-35.8 1.7-67.6 9.9-93.9 36.1s-34.4 58-36.2 93.9c-2.1 37-2.1 147.9 0 184.9 1.7 35.9 9.9 67.7 36.2 93.9s58 34.4 93.9 36.2c37 2.1 147.9 2.1 184.9 0 35.9-1.7 67.7-9.9 93.9-36.2 26.2-26.2 34.4-58 36.2-93.9 2.1-37 2.1-147.8 0-184.8zM398.8 388c-7.8 19.6-22.9 34.7-42.6 42.6-29.5 11.7-99.5 9-132.1 9s-102.7 2.6-132.1-9c-19.6-7.8-34.7-22.9-42.6-42.6-11.7-29.5-9-99.5-9-132.1s-2.6-102.7 9-132.1c7.8-19.6 22.9-34.7 42.6-42.6 29.5-11.7 99.5-9 132.1-9s102.7-2.6 132.1 9c19.6 7.8 34.7 22.9 42.6 42.6 11.7 29.5 9 99.5 9 132.1s2.7 102.7-9 132.1z"
                    fill="currentColor"
                    style={Object {}}
                  />
                </svg>
              </a>
            </div>
          </div>
        </div>
      </div>
      <div
        className="p-8 mb-4  sm:w-1/1  md:w-1/2  lg:w-1/3"
      >
        <div
          className="w-auto rounded overflow-hidden border hover:shadow-lg"
        >
          <div
            className="p-3 text-center "
          >
            <img
              alt="team member"
              className="w-32 h-auto mx-auto border-4 border-green-500 border-solid rounded-full"
              src="teamMarwa.jpg"
            />
            <div
              className="px-6"
            >
              <div
                className="pt-6 font-sans text-lg font-bold text-gray-700"
              >
                <h2>
                  3. Marwa  alaghbri
                </h2>
              </div>
              <div
                className="py-2 font-sans text-xs font-bold text-gray-600 "
              >
                <h3>
                  IT
                </h3>
              </div>
              <p
                className="pt-2 pb-4 text-xs text-gray-600"
              >
                marwaalaghbry@gmail.com
              </p>
            </div>
            <hr
              className="w-1/2 m-auto "
            />
            <div
              className="pt-4 "
            >
              <a
                href="https://twitter.com/"
                rel="noreferrer noopener"
                target="_blank"
              >
                <svg
                  aria-hidden="true"
                  className="svg-inline--fa fa-twitter fa-w-16 mx-3 text-lg text-gray-600 hover:text-blue-500"
                  data-icon="twitter"
                  data-prefix="fab"
                  focusable="false"
                  role="img"
                  style={Object {}}
                  viewBox="0 0 512 512"
                  xmlns="http://www.w3.org/2000/svg"
                >
                  <path
                    d="M459.37 151.716c.325 4.548.325 9.097.325 13.645 0 138.72-105.583 298.558-298.558 298.558-59.452 0-114.68-17.219-161.137-47.106 8.447.974 16.568 1.299 25.34 1.299 49.055 0 94.213-16.568 130.274-44.832-46.132-.975-84.792-31.188-98.112-72.772 6.498.974 12.995 1.624 19.818 1.624 9.421 0 18.843-1.3 27.614-3.573-48.081-9.747-84.143-51.98-84.143-102.985v-1.299c13.969 7.797 30.214 12.67 47.431 13.319-28.264-18.843-46.781-51.005-46.781-87.391 0-19.492 5.197-37.36 14.294-52.954 51.655 63.675 129.3 105.258 216.365 109.807-1.624-7.797-2.599-15.918-2.599-24.04 0-57.828 46.782-104.934 104.934-104.934 30.213 0 57.502 12.67 76.67 33.137 23.715-4.548 46.456-13.32 66.599-25.34-7.798 24.366-24.366 44.833-46.132 57.827 21.117-2.273 41.584-8.122 60.426-16.243-14.292 20.791-32.161 39.308-52.628 54.253z"
                    fill="currentColor"
                    style={Object {}}
                  />
                </svg>
              </a>
              <a
                href="https://www.linkedin.com/"
                rel="noreferrer noopener"
                target="_blank"
              >
                <svg
                  aria-hidden="true"
                  className="svg-inline--fa fa-linkedin fa-w-14 mx-3 text-lg text-gray-600 hover:text-blue-600"
                  data-icon="linkedin"
                  data-prefix="fab"
                  focusable="false"
                  role="img"
                  style={Object {}}
                  viewBox="0 0 448 512"
                  xmlns="http://www.w3.org/2000/svg"
                >
                  <path
                    d="M416 32H31.9C14.3 32 0 46.5 0 64.3v383.4C0 465.5 14.3 480 31.9 480H416c17.6 0 32-14.5 32-32.3V64.3c0-17.8-14.4-32.3-32-32.3zM135.4 416H69V202.2h66.5V416zm-33.2-243c-21.3 0-38.5-17.3-38.5-38.5S80.9 96 102.2 96c21.2 0 38.5 17.3 38.5 38.5 0 21.3-17.2 38.5-38.5 38.5zm282.1 243h-66.4V312c0-24.8-.5-56.7-34.5-56.7-34.6 0-39.9 27-39.9 54.9V416h-66.4V202.2h63.7v29.2h.9c8.9-16.8 30.6-34.5 62.9-34.5 67.2 0 79.7 44.3 79.7 101.9V416z"
                    fill="currentColor"
                    style={Object {}}
                  />
                </svg>
              </a>
              <a
                href="https://www.facebook.com/"
                rel="noreferrer noopener"
                target="_blank"
              >
                <svg
                  aria-hidden="true"
                  className="svg-inline--fa fa-facebook fa-w-16 mx-3 text-lg text-gray-600 hover:text-blue-700"
                  data-icon="facebook"
                  data-prefix="fab"
                  focusable="false"
                  role="img"
                  style={Object {}}
                  viewBox="0 0 512 512"
                  xmlns="http://www.w3.org/2000/svg"
                >
                  <path
                    d="M504 256C504 119 393 8 256 8S8 119 8 256c0 123.78 90.69 226.38 209.25 245V327.69h-63V256h63v-54.64c0-62.15 37-96.48 93.67-96.48 27.14 0 55.52 4.84 55.52 4.84v61h-31.28c-30.8 0-40.41 19.12-40.41 38.73V256h68.78l-11 71.69h-57.78V501C413.31 482.38 504 379.78 504 256z"
                    fill="currentColor"
                    style={Object {}}
                  />
                </svg>
              </a>
              <a
                href="https://www.instagram.com/"
                rel="noreferrer noopener"
                target="_blank"
              >
                <svg
                  aria-hidden="true"
                  className="svg-inline--fa fa-instagram fa-w-14 mx-3 text-lg text-gray-600 hover:text-red-700"
                  data-icon="instagram"
                  data-prefix="fab"
                  focusable="false"
                  role="img"
                  style={Object {}}
                  viewBox="0 0 448 512"
                  xmlns="http://www.w3.org/2000/svg"
                >
                  <path
                    d="M224.1 141c-63.6 0-114.9 51.3-114.9 114.9s51.3 114.9 114.9 114.9S339 319.5 339 255.9 287.7 141 224.1 141zm0 189.6c-41.1 0-74.7-33.5-74.7-74.7s33.5-74.7 74.7-74.7 74.7 33.5 74.7 74.7-33.6 74.7-74.7 74.7zm146.4-194.3c0 14.9-12 26.8-26.8 26.8-14.9 0-26.8-12-26.8-26.8s12-26.8 26.8-26.8 26.8 12 26.8 26.8zm76.1 27.2c-1.7-35.9-9.9-67.7-36.2-93.9-26.2-26.2-58-34.4-93.9-36.2-37-2.1-147.9-2.1-184.9 0-35.8 1.7-67.6 9.9-93.9 36.1s-34.4 58-36.2 93.9c-2.1 37-2.1 147.9 0 184.9 1.7 35.9 9.9 67.7 36.2 93.9s58 34.4 93.9 36.2c37 2.1 147.9 2.1 184.9 0 35.9-1.7 67.7-9.9 93.9-36.2 26.2-26.2 34.4-58 36.2-93.9 2.1-37 2.1-147.8 0-184.8zM398.8 388c-7.8 19.6-22.9 34.7-42.6 42.6-29.5 11.7-99.5 9-132.1 9s-102.7 2.6-132.1-9c-19.6-7.8-34.7-22.9-42.6-42.6-11.7-29.5-9-99.5-9-132.1s-2.6-102.7 9-132.1c7.8-19.6 22.9-34.7 42.6-42.6 29.5-11.7 99.5-9 132.1-9s102.7-2.6 132.1 9c19.6 7.8 34.7 22.9 42.6 42.6 11.7 29.5 9 99.5 9 132.1s2.7 102.7-9 132.1z"
                    fill="currentColor"
                    style={Object {}}
                  />
                </svg>
              </a>
            </div>
          </div>
        </div>
      </div>
      <div
        className="p-8 mb-4  sm:w-1/1  md:w-1/2  lg:w-1/3"
      >
        <div
          className="w-auto rounded overflow-hidden border hover:shadow-lg"
        >
          <div
            className="p-3 text-center "
          >
            <img
              alt="team member"
              className="w-32 h-auto mx-auto border-4 border-green-500 border-solid rounded-full"
              src="teamSomaia.jpg"
            />
            <div
              className="px-6"
            >
              <div
                className="pt-6 font-sans text-lg font-bold text-gray-700"
              >
                <h2>
                  4. Somaia Al- Mekhlafi
                </h2>
              </div>
              <div
                className="py-2 font-sans text-xs font-bold text-gray-600 "
              >
                <h3>
                  Mechatronics Engineer
                </h3>
              </div>
              <p
                className="pt-2 pb-4 text-xs text-gray-600"
              >
                somia.abdullah3@gmail.com
              </p>
            </div>
            <hr
              className="w-1/2 m-auto "
            />
            <div
              className="pt-4 "
            >
              <a
                href="https://twitter.com/"
                rel="noreferrer noopener"
                target="_blank"
              >
                <svg
                  aria-hidden="true"
                  className="svg-inline--fa fa-twitter fa-w-16 mx-3 text-lg text-gray-600 hover:text-blue-500"
                  data-icon="twitter"
                  data-prefix="fab"
                  focusable="false"
                  role="img"
                  style={Object {}}
                  viewBox="0 0 512 512"
                  xmlns="http://www.w3.org/2000/svg"
                >
                  <path
                    d="M459.37 151.716c.325 4.548.325 9.097.325 13.645 0 138.72-105.583 298.558-298.558 298.558-59.452 0-114.68-17.219-161.137-47.106 8.447.974 16.568 1.299 25.34 1.299 49.055 0 94.213-16.568 130.274-44.832-46.132-.975-84.792-31.188-98.112-72.772 6.498.974 12.995 1.624 19.818 1.624 9.421 0 18.843-1.3 27.614-3.573-48.081-9.747-84.143-51.98-84.143-102.985v-1.299c13.969 7.797 30.214 12.67 47.431 13.319-28.264-18.843-46.781-51.005-46.781-87.391 0-19.492 5.197-37.36 14.294-52.954 51.655 63.675 129.3 105.258 216.365 109.807-1.624-7.797-2.599-15.918-2.599-24.04 0-57.828 46.782-104.934 104.934-104.934 30.213 0 57.502 12.67 76.67 33.137 23.715-4.548 46.456-13.32 66.599-25.34-7.798 24.366-24.366 44.833-46.132 57.827 21.117-2.273 41.584-8.122 60.426-16.243-14.292 20.791-32.161 39.308-52.628 54.253z"
                    fill="currentColor"
                    style={Object {}}
                  />
                </svg>
              </a>
              <a
                href="https://www.linkedin.com/"
                rel="noreferrer noopener"
                target="_blank"
              >
                <svg
                  aria-hidden="true"
                  className="svg-inline--fa fa-linkedin fa-w-14 mx-3 text-lg text-gray-600 hover:text-blue-600"
                  data-icon="linkedin"
                  data-prefix="fab"
                  focusable="false"
                  role="img"
                  style={Object {}}
                  viewBox="0 0 448 512"
                  xmlns="http://www.w3.org/2000/svg"
                >
                  <path
                    d="M416 32H31.9C14.3 32 0 46.5 0 64.3v383.4C0 465.5 14.3 480 31.9 480H416c17.6 0 32-14.5 32-32.3V64.3c0-17.8-14.4-32.3-32-32.3zM135.4 416H69V202.2h66.5V416zm-33.2-243c-21.3 0-38.5-17.3-38.5-38.5S80.9 96 102.2 96c21.2 0 38.5 17.3 38.5 38.5 0 21.3-17.2 38.5-38.5 38.5zm282.1 243h-66.4V312c0-24.8-.5-56.7-34.5-56.7-34.6 0-39.9 27-39.9 54.9V416h-66.4V202.2h63.7v29.2h.9c8.9-16.8 30.6-34.5 62.9-34.5 67.2 0 79.7 44.3 79.7 101.9V416z"
                    fill="currentColor"
                    style={Object {}}
                  />
                </svg>
              </a>
              <a
                href="https://www.facebook.com/"
                rel="noreferrer noopener"
                target="_blank"
              >
                <svg
                  aria-hidden="true"
                  className="svg-inline--fa fa-facebook fa-w-16 mx-3 text-lg text-gray-600 hover:text-blue-700"
                  data-icon="facebook"
                  data-prefix="fab"
                  focusable="false"
                  role="img"
                  style={Object {}}
                  viewBox="0 0 512 512"
                  xmlns="http://www.w3.org/2000/svg"
                >
                  <path
                    d="M504 256C504 119 393 8 256 8S8 119 8 256c0 123.78 90.69 226.38 209.25 245V327.69h-63V256h63v-54.64c0-62.15 37-96.48 93.67-96.48 27.14 0 55.52 4.84 55.52 4.84v61h-31.28c-30.8 0-40.41 19.12-40.41 38.73V256h68.78l-11 71.69h-57.78V501C413.31 482.38 504 379.78 504 256z"
                    fill="currentColor"
                    style={Object {}}
                  />
                </svg>
              </a>
              <a
                href="https://www.instagram.com/"
                rel="noreferrer noopener"
                target="_blank"
              >
                <svg
                  aria-hidden="true"
                  className="svg-inline--fa fa-instagram fa-w-14 mx-3 text-lg text-gray-600 hover:text-red-700"
                  data-icon="instagram"
                  data-prefix="fab"
                  focusable="false"
                  role="img"
                  style={Object {}}
                  viewBox="0 0 448 512"
                  xmlns="http://www.w3.org/2000/svg"
                >
                  <path
                    d="M224.1 141c-63.6 0-114.9 51.3-114.9 114.9s51.3 114.9 114.9 114.9S339 319.5 339 255.9 287.7 141 224.1 141zm0 189.6c-41.1 0-74.7-33.5-74.7-74.7s33.5-74.7 74.7-74.7 74.7 33.5 74.7 74.7-33.6 74.7-74.7 74.7zm146.4-194.3c0 14.9-12 26.8-26.8 26.8-14.9 0-26.8-12-26.8-26.8s12-26.8 26.8-26.8 26.8 12 26.8 26.8zm76.1 27.2c-1.7-35.9-9.9-67.7-36.2-93.9-26.2-26.2-58-34.4-93.9-36.2-37-2.1-147.9-2.1-184.9 0-35.8 1.7-67.6 9.9-93.9 36.1s-34.4 58-36.2 93.9c-2.1 37-2.1 147.9 0 184.9 1.7 35.9 9.9 67.7 36.2 93.9s58 34.4 93.9 36.2c37 2.1 147.9 2.1 184.9 0 35.9-1.7 67.7-9.9 93.9-36.2 26.2-26.2 34.4-58 36.2-93.9 2.1-37 2.1-147.8 0-184.8zM398.8 388c-7.8 19.6-22.9 34.7-42.6 42.6-29.5 11.7-99.5 9-132.1 9s-102.7 2.6-132.1-9c-19.6-7.8-34.7-22.9-42.6-42.6-11.7-29.5-9-99.5-9-132.1s-2.6-102.7 9-132.1c7.8-19.6 22.9-34.7 42.6-42.6 29.5-11.7 99.5-9 132.1-9s102.7-2.6 132.1 9c19.6 7.8 34.7 22.9 42.6 42.6 11.7 29.5 9 99.5 9 132.1s2.7 102.7-9 132.1z"
                    fill="currentColor"
                    style={Object {}}
                  />
                </svg>
              </a>
            </div>
          </div>
        </div>
      </div>
      <div
        className="p-8 mb-4  sm:w-1/1  md:w-1/2  lg:w-1/3"
      >
        <div
          className="w-auto rounded overflow-hidden border hover:shadow-lg"
        >
          <div
            className="p-3 text-center "
          >
            <img
              alt="team member"
              className="w-32 h-auto mx-auto border-4 border-green-500 border-solid rounded-full"
              src="teamNuha.jpg"
            />
            <div
              className="px-6"
            >
              <div
                className="pt-6 font-sans text-lg font-bold text-gray-700"
              >
                <h2>
                  5. Nuha Al-Sameai
                </h2>
              </div>
              <div
                className="py-2 font-sans text-xs font-bold text-gray-600 "
              >
                <h3>
                  CS
                </h3>
              </div>
              <p
                className="pt-2 pb-4 text-xs text-gray-600"
              >
                noha.pepeep1@gmail.com
              </p>
            </div>
            <hr
              className="w-1/2 m-auto "
            />
            <div
              className="pt-4 "
            >
              <a
                href="https://twitter.com/"
                rel="noreferrer noopener"
                target="_blank"
              >
                <svg
                  aria-hidden="true"
                  className="svg-inline--fa fa-twitter fa-w-16 mx-3 text-lg text-gray-600 hover:text-blue-500"
                  data-icon="twitter"
                  data-prefix="fab"
                  focusable="false"
                  role="img"
                  style={Object {}}
                  viewBox="0 0 512 512"
                  xmlns="http://www.w3.org/2000/svg"
                >
                  <path
                    d="M459.37 151.716c.325 4.548.325 9.097.325 13.645 0 138.72-105.583 298.558-298.558 298.558-59.452 0-114.68-17.219-161.137-47.106 8.447.974 16.568 1.299 25.34 1.299 49.055 0 94.213-16.568 130.274-44.832-46.132-.975-84.792-31.188-98.112-72.772 6.498.974 12.995 1.624 19.818 1.624 9.421 0 18.843-1.3 27.614-3.573-48.081-9.747-84.143-51.98-84.143-102.985v-1.299c13.969 7.797 30.214 12.67 47.431 13.319-28.264-18.843-46.781-51.005-46.781-87.391 0-19.492 5.197-37.36 14.294-52.954 51.655 63.675 129.3 105.258 216.365 109.807-1.624-7.797-2.599-15.918-2.599-24.04 0-57.828 46.782-104.934 104.934-104.934 30.213 0 57.502 12.67 76.67 33.137 23.715-4.548 46.456-13.32 66.599-25.34-7.798 24.366-24.366 44.833-46.132 57.827 21.117-2.273 41.584-8.122 60.426-16.243-14.292 20.791-32.161 39.308-52.628 54.253z"
                    fill="currentColor"
                    style={Object {}}
                  />
                </svg>
              </a>
              <a
                href="https://www.linkedin.com/"
                rel="noreferrer noopener"
                target="_blank"
              >
                <svg
                  aria-hidden="true"
                  className="svg-inline--fa fa-linkedin fa-w-14 mx-3 text-lg text-gray-600 hover:text-blue-600"
                  data-icon="linkedin"
                  data-prefix="fab"
                  focusable="false"
                  role="img"
                  style={Object {}}
                  viewBox="0 0 448 512"
                  xmlns="http://www.w3.org/2000/svg"
                >
                  <path
                    d="M416 32H31.9C14.3 32 0 46.5 0 64.3v383.4C0 465.5 14.3 480 31.9 480H416c17.6 0 32-14.5 32-32.3V64.3c0-17.8-14.4-32.3-32-32.3zM135.4 416H69V202.2h66.5V416zm-33.2-243c-21.3 0-38.5-17.3-38.5-38.5S80.9 96 102.2 96c21.2 0 38.5 17.3 38.5 38.5 0 21.3-17.2 38.5-38.5 38.5zm282.1 243h-66.4V312c0-24.8-.5-56.7-34.5-56.7-34.6 0-39.9 27-39.9 54.9V416h-66.4V202.2h63.7v29.2h.9c8.9-16.8 30.6-34.5 62.9-34.5 67.2 0 79.7 44.3 79.7 101.9V416z"
                    fill="currentColor"
                    style={Object {}}
                  />
                </svg>
              </a>
              <a
                href="https://www.facebook.com/"
                rel="noreferrer noopener"
                target="_blank"
              >
                <svg
                  aria-hidden="true"
                  className="svg-inline--fa fa-facebook fa-w-16 mx-3 text-lg text-gray-600 hover:text-blue-700"
                  data-icon="facebook"
                  data-prefix="fab"
                  focusable="false"
                  role="img"
                  style={Object {}}
                  viewBox="0 0 512 512"
                  xmlns="http://www.w3.org/2000/svg"
                >
                  <path
                    d="M504 256C504 119 393 8 256 8S8 119 8 256c0 123.78 90.69 226.38 209.25 245V327.69h-63V256h63v-54.64c0-62.15 37-96.48 93.67-96.48 27.14 0 55.52 4.84 55.52 4.84v61h-31.28c-30.8 0-40.41 19.12-40.41 38.73V256h68.78l-11 71.69h-57.78V501C413.31 482.38 504 379.78 504 256z"
                    fill="currentColor"
                    style={Object {}}
                  />
                </svg>
              </a>
              <a
                href="https://www.instagram.com/"
                rel="noreferrer noopener"
                target="_blank"
              >
                <svg
                  aria-hidden="true"
                  className="svg-inline--fa fa-instagram fa-w-14 mx-3 text-lg text-gray-600 hover:text-red-700"
                  data-icon="instagram"
                  data-prefix="fab"
                  focusable="false"
                  role="img"
                  style={Object {}}
                  viewBox="0 0 448 512"
                  xmlns="http://www.w3.org/2000/svg"
                >
                  <path
                    d="M224.1 141c-63.6 0-114.9 51.3-114.9 114.9s51.3 114.9 114.9 114.9S339 319.5 339 255.9 287.7 141 224.1 141zm0 189.6c-41.1 0-74.7-33.5-74.7-74.7s33.5-74.7 74.7-74.7 74.7 33.5 74.7 74.7-33.6 74.7-74.7 74.7zm146.4-194.3c0 14.9-12 26.8-26.8 26.8-14.9 0-26.8-12-26.8-26.8s12-26.8 26.8-26.8 26.8 12 26.8 26.8zm76.1 27.2c-1.7-35.9-9.9-67.7-36.2-93.9-26.2-26.2-58-34.4-93.9-36.2-37-2.1-147.9-2.1-184.9 0-35.8 1.7-67.6 9.9-93.9 36.1s-34.4 58-36.2 93.9c-2.1 37-2.1 147.9 0 184.9 1.7 35.9 9.9 67.7 36.2 93.9s58 34.4 93.9 36.2c37 2.1 147.9 2.1 184.9 0 35.9-1.7 67.7-9.9 93.9-36.2 26.2-26.2 34.4-58 36.2-93.9 2.1-37 2.1-147.8 0-184.8zM398.8 388c-7.8 19.6-22.9 34.7-42.6 42.6-29.5 11.7-99.5 9-132.1 9s-102.7 2.6-132.1-9c-19.6-7.8-34.7-22.9-42.6-42.6-11.7-29.5-9-99.5-9-132.1s-2.6-102.7 9-132.1c7.8-19.6 22.9-34.7 42.6-42.6 29.5-11.7 99.5-9 132.1-9s102.7-2.6 132.1 9c19.6 7.8 34.7 22.9 42.6 42.6 11.7 29.5 9 99.5 9 132.1s2.7 102.7-9 132.1z"
                    fill="currentColor"
                    style={Object {}}
                  />
                </svg>
              </a>
            </div>
          </div>
        </div>
      </div>
    </div>
  </section>
</div>
`;
