// Jest Snapshot v1, https://goo.gl/fbAQLP

exports[`renders correctly 1`] = `
<section
  className="blog "
>
  <div
    className="container px-5 py-12 mx-auto"
  >
    <div
      className="flex flex-wrap -mx-4 -mt-4 -mb-10 sm:-m-4"
    >
      <div
        className="flex flex-col items-center justify-center p-5 mx-auto mb-6 md:mb-0"
      >
        <div
          className="w-full h-56 bg-gray-300 bg-center bg-cover shadow-md "
          style={
            Object {
              "backgroundImage": "url( ",
            }
          }
        />
        <div
          className="p-5 -mt-10 overflow-hidden bg-background-primary rounded-lg shadow-sm "
        >
          <div
            className="inline-flex header-content"
          >
            <div
              className="flex-1 text-sm text-gray-400 category-title"
            >
              11/24/2020
            </div>
          </div>
          <div
            className="text-lg title-post"
          >
            <h2
              className="text-textColor-primary "
            >
               
            </h2>
          </div>
          <div
            className="text-textColor-secondary text-justify summary-post text-sm "
          >
            <p>
               
            </p>
            <button
              className="block p-2 px-2 mt-4 text-sm text-white bg-green-400 rounded hover:bg-green-300"
              type="button"
            >
              <li
                className="list-none"
              >
                <a
                  href="//1"
                  onClick={[Function]}
                >
                  Read More
                </a>
              </li>
            </button>
          </div>
        </div>
      </div>
    </div>
  </div>
</section>
`;

exports[`renders correctly 2`] = `
<section
  className="w-full bg-transparent blog"
>
  <div
    className="container w-full px-5 py-12 mx-auto"
  >
    <div
      className="flex-wrap -mx-4 -mt-4 -mb-10 sm:-m-4 hover:shadow-lg"
    >
      <div
        className="flex flex-col m-auto lg:flex-row"
      >
        <div
          className="flex content-center w-full h-56 bg-gray-300 bg-center bg-cover shadow-sm lg:w-2/3 lg:h-auto "
          style={
            Object {
              "backgroundImage": "url( ",
            }
          }
        />
        <div
          className="w-auto rounded overflow-hidden border hover:shadow-lg"
        >
          <div
            className="p-6 m-auto -mt-10 overflow-hidden bg-background-primary rounded-lg shadow-sm "
          >
            <div
              className="header-content "
            >
              <div
                className="flex-1 w-full mt-10 text-sm text-gray-400 category-title"
              >
                11/24/2020
              </div>
            </div>
            <div
              className="mt-5 text-lg title-post"
            >
              <h2
                className="text-textColor-primary "
              >
                 
              </h2>
            </div>
            <div
              className="pt-2 text-base text-justify text-gray-500 summary-post text-md "
            >
              <p>
                 
              </p>
              <div
                className="mt-2"
              >
                <a
                  className="text-sm text-blue-400 transition duration-150 ease-in-out hover:text-blue-900"
                  href="/articles/1"
                  onClick={[Function]}
                >
                  Read more
                  <svg
                    aria-hidden="true"
                    className="inline-block w-2 h-2 ml-1 stroke-current stroke-2 chev"
                    fill="none"
                    viewBox="0 0 10 10"
                  >
                    <g
                      fillRule="evenodd"
                    >
                      <path
                        d="M1 1l4 4-4 4"
                      />
                    </g>
                  </svg>
                  <svg
                    aria-hidden="true"
                    className="hidden w-2 h-2 ml-1 stroke-current stroke-2 arr hover:inline-block"
                    fill="none"
                    viewBox="0 0 10 10"
                  >
                    <g
                      fillRule="evenodd"
                    >
                      <path
                        d="M0 5h7"
                      />
                      <path
                        d="M4 1l4 4-4 4"
                      />
                    </g>
                  </svg>
                </a>
                
              </div>
            </div>
          </div>
        </div>
      </div>
    </div>
  </div>
</section>
`;
