// Jest Snapshot v1, https://goo.gl/fbAQLP

exports[`renders correctly 1`] = `
<div
  className="w-auto rounded overflow-hidden border hover:shadow-lg"
>
  <div>
    Hello
  </div>
</div>
`;
