// Jest Snapshot v1, https://goo.gl/fbAQLP

exports[`renders correctly 1`] = `
<footer
  className="relative pt-8 pb-6 bg-blue-800"
>
  <div
    className="absolute top-0 left-0 right-0 bottom-auto w-full -mt-20 overflow-hidden pointer-events-none"
    style={
      Object {
        "height": "80px",
        "transform": "translateZ(0px)",
      }
    }
  >
    <svg
      className="absolute bottom-0 overflow-hidden"
      preserveAspectRatio="none"
      version="1.1"
      viewBox="0 0 2560 100"
      x="0"
      xmlns="http://www.w3.org/2000/svg"
      y="0"
    >
      <polygon
        className="text-blue-800 fill-current"
        points="2560 0 2560 100 0 100"
      />
    </svg>
  </div>
  <div
    className="container px-4 mx-auto"
  >
    <div
      className="flex flex-wrap"
    >
      <div
        className="w-full px-4 md:w-4/12"
      >
        <h4
          className="pb-4 text-3xl font-semibold text-gray-200 border-b"
        >
          What is a Exhale
          <span
            className="text-4xl text-red-500"
          >
            ?
          </span>
        </h4>
        <h5
          className="pt-2 mt-0 mb-2 text-gray-400 text-md"
        >
          What is Exhale answer
        </h5>
      </div>
      <div
        className="w-full px-4 md:w-8/12"
      >
        <div
          className="flex flex-wrap mb-6 items-top"
        >
          <div
            className="w-full pt-6 ml-auto text-center md:w-6/12 xl:w-4/12 md:pt-0 md:px-4"
          >
            <span
              className="block pt-4 mb-2 text-sm font-semibold text-white uppercase"
            >
              Pages
            </span>
            <ul
              className="text-gray-400 list-unstyled"
            >
              <li>
                <a
                  href="/"
                  onClick={[Function]}
                >
                  HOME
                </a>
              </li>
              <li>
                <a
                  href="/articles"
                  onClick={[Function]}
                >
                  Articles
                </a>
              </li>
              <li>
                <a
                  href="/doctors"
                  onClick={[Function]}
                >
                  Doctors
                </a>
              </li>
            </ul>
          </div>
          <div
            className="w-full pt-6 ml-auto text-center md:w-6/12 xl:w-4/12 md:pt-0 md:px-4"
          >
            <span
              className="block pt-4 mb-2 text-sm font-semibold text-white uppercase"
            >
              Team
            </span>
            <ul
              className="text-gray-400 list-unstyled"
            >
              <a
                href="/about"
                onClick={[Function]}
              >
                AboutUs
              </a>
              <li>
                <a
                  href="/contact"
                  onClick={[Function]}
                >
                  GetInTouch
                </a>
              </li>
              <li>
                <span
                  className="block mt-8 mb-2 text-sm font-semibold text-white uppercase"
                >
                  selfAssessment
                </span>
                <ul
                  className="list-unstyled"
                >
                  <li>
                    <a
                      href="/self-assessment"
                      onClick={[Function]}
                    >
                      Checkup
                    </a>
                  </li>
                </ul>
              </li>
            </ul>
          </div>
          <div
            className="flex flex-row-reverse w-full mt-10 text-right"
          >
            <div
              className="inline-flex mx-auto overflow-hidden text-gray-400 border-2 border-indigo-500 rounded md:mx-0 lg:mx-0"
            >
              <button
                className="py-1 px-4 hover:text-gray-500 focus:text-gray-200 focus:outline-none "
                id="btn-en"
                onClick={[Function]}
                type="button"
              >
                English
              </button>
              <button
                className="py-1 px-4 hover:text-gray-500 focus:text-gray-200 focus:outline-none "
                id="btn-ar"
                onClick={[Function]}
                type="button"
              >
                العربية
              </button>
            </div>
          </div>
          <div
            className="w-full pt-6 ml-auto text-center md:w-6/12 xl:w-4/12 md:pt-0 md:px-4"
          />
        </div>
      </div>
    </div>
    <div
      className="my-6 border-t border-gray-400"
    >
      <div
        className="flex flex-wrap items-center justify-center md:justify-between"
      >
        <div
          className="w-full px-4 mx-auto text-center md:w-4/12"
        >
          <div
            className="mt-6"
          >
            <ul
              className="flex justify-center flex-auto"
            >
              <li
                className="mx-3 cursor-pointer"
              >
                <a
                  href=" "
                >
                  <svg
                    aria-hidden="true"
                    className="svg-inline--fa fa-twitter fa-w-16 text-lg text-gray-300 hover:text-white"
                    data-icon="twitter"
                    data-prefix="fab"
                    focusable="false"
                    role="img"
                    style={Object {}}
                    viewBox="0 0 512 512"
                    xmlns="http://www.w3.org/2000/svg"
                  >
                    <path
                      d="M459.37 151.716c.325 4.548.325 9.097.325 13.645 0 138.72-105.583 298.558-298.558 298.558-59.452 0-114.68-17.219-161.137-47.106 8.447.974 16.568 1.299 25.34 1.299 49.055 0 94.213-16.568 130.274-44.832-46.132-.975-84.792-31.188-98.112-72.772 6.498.974 12.995 1.624 19.818 1.624 9.421 0 18.843-1.3 27.614-3.573-48.081-9.747-84.143-51.98-84.143-102.985v-1.299c13.969 7.797 30.214 12.67 47.431 13.319-28.264-18.843-46.781-51.005-46.781-87.391 0-19.492 5.197-37.36 14.294-52.954 51.655 63.675 129.3 105.258 216.365 109.807-1.624-7.797-2.599-15.918-2.599-24.04 0-57.828 46.782-104.934 104.934-104.934 30.213 0 57.502 12.67 76.67 33.137 23.715-4.548 46.456-13.32 66.599-25.34-7.798 24.366-24.366 44.833-46.132 57.827 21.117-2.273 41.584-8.122 60.426-16.243-14.292 20.791-32.161 39.308-52.628 54.253z"
                      fill="currentColor"
                      style={Object {}}
                    />
                  </svg>
                </a>
              </li>
              <li
                className="mx-3 cursor-pointer"
              >
                <a
                  href=" "
                >
                  <svg
                    aria-hidden="true"
                    className="svg-inline--fa fa-facebook fa-w-16 text-lg text-gray-300 hover:text-white"
                    data-icon="facebook"
                    data-prefix="fab"
                    focusable="false"
                    role="img"
                    style={Object {}}
                    viewBox="0 0 512 512"
                    xmlns="http://www.w3.org/2000/svg"
                  >
                    <path
                      d="M504 256C504 119 393 8 256 8S8 119 8 256c0 123.78 90.69 226.38 209.25 245V327.69h-63V256h63v-54.64c0-62.15 37-96.48 93.67-96.48 27.14 0 55.52 4.84 55.52 4.84v61h-31.28c-30.8 0-40.41 19.12-40.41 38.73V256h68.78l-11 71.69h-57.78V501C413.31 482.38 504 379.78 504 256z"
                      fill="currentColor"
                      style={Object {}}
                    />
                  </svg>
                </a>
              </li>
              <li
                className="mx-3 cursor-pointer"
              >
                <a
                  href=" "
                >
                  <svg
                    aria-hidden="true"
                    className="svg-inline--fa fa-instagram fa-w-14 text-lg text-gray-300 hover:text-white"
                    data-icon="instagram"
                    data-prefix="fab"
                    focusable="false"
                    role="img"
                    style={Object {}}
                    viewBox="0 0 448 512"
                    xmlns="http://www.w3.org/2000/svg"
                  >
                    <path
                      d="M224.1 141c-63.6 0-114.9 51.3-114.9 114.9s51.3 114.9 114.9 114.9S339 319.5 339 255.9 287.7 141 224.1 141zm0 189.6c-41.1 0-74.7-33.5-74.7-74.7s33.5-74.7 74.7-74.7 74.7 33.5 74.7 74.7-33.6 74.7-74.7 74.7zm146.4-194.3c0 14.9-12 26.8-26.8 26.8-14.9 0-26.8-12-26.8-26.8s12-26.8 26.8-26.8 26.8 12 26.8 26.8zm76.1 27.2c-1.7-35.9-9.9-67.7-36.2-93.9-26.2-26.2-58-34.4-93.9-36.2-37-2.1-147.9-2.1-184.9 0-35.8 1.7-67.6 9.9-93.9 36.1s-34.4 58-36.2 93.9c-2.1 37-2.1 147.9 0 184.9 1.7 35.9 9.9 67.7 36.2 93.9s58 34.4 93.9 36.2c37 2.1 147.9 2.1 184.9 0 35.9-1.7 67.7-9.9 93.9-36.2 26.2-26.2 34.4-58 36.2-93.9 2.1-37 2.1-147.8 0-184.8zM398.8 388c-7.8 19.6-22.9 34.7-42.6 42.6-29.5 11.7-99.5 9-132.1 9s-102.7 2.6-132.1-9c-19.6-7.8-34.7-22.9-42.6-42.6-11.7-29.5-9-99.5-9-132.1s-2.6-102.7 9-132.1c7.8-19.6 22.9-34.7 42.6-42.6 29.5-11.7 99.5-9 132.1-9s102.7-2.6 132.1 9c19.6 7.8 34.7 22.9 42.6 42.6 11.7 29.5 9 99.5 9 132.1s2.7 102.7-9 132.1z"
                      fill="currentColor"
                      style={Object {}}
                    />
                  </svg>
                </a>
              </li>
              <li
                className="mx-3 cursor-pointer "
              >
                <a
                  href=" "
                >
                  <svg
                    aria-hidden="true"
                    className="svg-inline--fa fa-linkedin fa-w-14 text-lg text-gray-300 hover:text-white"
                    data-icon="linkedin"
                    data-prefix="fab"
                    focusable="false"
                    role="img"
                    style={Object {}}
                    viewBox="0 0 448 512"
                    xmlns="http://www.w3.org/2000/svg"
                  >
                    <path
                      d="M416 32H31.9C14.3 32 0 46.5 0 64.3v383.4C0 465.5 14.3 480 31.9 480H416c17.6 0 32-14.5 32-32.3V64.3c0-17.8-14.4-32.3-32-32.3zM135.4 416H69V202.2h66.5V416zm-33.2-243c-21.3 0-38.5-17.3-38.5-38.5S80.9 96 102.2 96c21.2 0 38.5 17.3 38.5 38.5 0 21.3-17.2 38.5-38.5 38.5zm282.1 243h-66.4V312c0-24.8-.5-56.7-34.5-56.7-34.6 0-39.9 27-39.9 54.9V416h-66.4V202.2h63.7v29.2h.9c8.9-16.8 30.6-34.5 62.9-34.5 67.2 0 79.7 44.3 79.7 101.9V416z"
                      fill="currentColor"
                      style={Object {}}
                    />
                  </svg>
                </a>
              </li>
            </ul>
          </div>
          <div
            className="py-1 text-sm font-semibold text-gray-300"
          >
            CopyRight
          </div>
        </div>
      </div>
    </div>
  </div>
</footer>
`;
