// Jest Snapshot v1, https://goo.gl/fbAQLP

exports[`renders correctly 1`] = `
<div>
  <div>
    <h2>
      Sorry. Article does not exist
    </h2>
  </div>
</div>
`;
