// Jest Snapshot v1, https://goo.gl/fbAQLP

exports[`renders correctly 1`] = `
<div
  className="w-  h-auto "
>
  <div>
    Example
  </div>
</div>
`;
