// Jest Snapshot v1, https://goo.gl/fbAQLP

exports[`renders correctly 1`] = `
Array [
  <div
    className="bg-transoarent py-4 fixed w-full top-0 right-0 left-0 z-50  navbar-expand-lg transition-all duration-150"
  >
    <div
      className="px-4 mx-auto max-w-7xl sm:px-6"
    >
      <div
        className="flex items-center justify-between py-4 lg:justify-start lg:space-x-10"
      >
        <div
          className="lg:w-0 lg:flex-1"
        >
          <a
            class="flex"
            href="/"
            onClick={[Function]}
          >
            <h1
              className="text-3xl font-medium transition duration-150 ease-in-out text-textColor-primary"
            >
              <span
                className="text-4xl font-black text-blue-800"
              >
                EX
              </span>
              hale
            </h1>
          </a>
        </div>
        <nav
          className="hidden space-x-10 md:flex"
        >
          <a
            aria-current="page"
            className="text-base font-medium leading-6 text-gray-600 transition duration-150 ease-in-out border-white hover:text-textColor-primary hover:border-b hover:pb-2 hover:border-gray-500 focus:border-gray-500 focus:outline-none focus:text-textColor-primary active"
            href="/"
            onClick={[Function]}
            style={Object {}}
          >
            HOME
          </a>
          <a
            aria-current={null}
            className="text-base font-medium leading-6 text-gray-600 transition duration-150 ease-in-out border-white hover:text-textColor-primary hover:border-b hover:pb-2 hover:border-gray-500 focus:border-gray-500 focus:outline-none focus:text-textColor-primary"
            href="/doctors"
            onClick={[Function]}
          >
            Doctors
          </a>
          <a
            aria-current={null}
            className="text-base font-medium leading-6 text-gray-600 transition duration-150 ease-in-out hover:text-textColor-primary hover:border-b hover:pb-2 hover:border-gray-500 focus:border-gray-500 focus:outline-none focus:text-textColor-primary"
            href="/articles"
            onClick={[Function]}
          >
            Articles
          </a>
          <a
            aria-current={null}
            className="text-base font-medium leading-6 text-gray-600 transition duration-150 ease-in-out hover:text-textColor-primary hover:border-b hover:pb-2 hover:border-gray-500 focus:border-gray-500 focus:outline-none focus:text-textColor-primary"
            href="/about"
            onClick={[Function]}
          >
            AboutUs
          </a>
          <a
            aria-current={null}
            className="text-base font-medium leading-6 text-gray-600 transition duration-150 ease-in-out hover:text-textColor-primary hover:border-b hover:pb-2 hover:border-gray-500 focus:border-gray-500 focus:outline-none focus:text-textColor-primary"
            href="/contact"
            onClick={[Function]}
          >
            ContactUs
          </a>
          <div>
            <div
              className=""
            >
              <div
                className="button-con flex flex-row "
              >
                <label
                  className="my-auto"
                  htmlFor="cb1"
                >
                  <svg
                    id="dayIcon"
                    style={
                      Object {
                        "enableBackground": "new 0 0 35 35",
                      }
                    }
                    version="1.1"
                    viewBox="0 0 35 35"
                    x="0px"
                    xmlSpace="preserve"
                    xmlns="http://www.w3.org/2000/svg"
                    y="0px"
                  >
                    <g
                      id="Sun"
                    >
                      <g>
                        <path
                          d="M6,17.5C6,16.672,5.328,16,4.5,16h-3C0.672,16,0,16.672,0,17.5    S0.672,19,1.5,19h3C5.328,19,6,18.328,6,17.5z M7.5,26c-0.414,0-0.789,0.168-1.061,0.439l-2,2C4.168,28.711,4,29.086,4,29.5    C4,30.328,4.671,31,5.5,31c0.414,0,0.789-0.168,1.06-0.44l2-2C8.832,28.289,9,27.914,9,27.5C9,26.672,8.329,26,7.5,26z M17.5,6    C18.329,6,19,5.328,19,4.5v-3C19,0.672,18.329,0,17.5,0S16,0.672,16,1.5v3C16,5.328,16.671,6,17.5,6z M27.5,9    c0.414,0,0.789-0.168,1.06-0.439l2-2C30.832,6.289,31,5.914,31,5.5C31,4.672,30.329,4,29.5,4c-0.414,0-0.789,0.168-1.061,0.44    l-2,2C26.168,6.711,26,7.086,26,7.5C26,8.328,26.671,9,27.5,9z M6.439,8.561C6.711,8.832,7.086,9,7.5,9C8.328,9,9,8.328,9,7.5    c0-0.414-0.168-0.789-0.439-1.061l-2-2C6.289,4.168,5.914,4,5.5,4C4.672,4,4,4.672,4,5.5c0,0.414,0.168,0.789,0.439,1.06    L6.439,8.561z M33.5,16h-3c-0.828,0-1.5,0.672-1.5,1.5s0.672,1.5,1.5,1.5h3c0.828,0,1.5-0.672,1.5-1.5S34.328,16,33.5,16z     M28.561,26.439C28.289,26.168,27.914,26,27.5,26c-0.828,0-1.5,0.672-1.5,1.5c0,0.414,0.168,0.789,0.439,1.06l2,2    C28.711,30.832,29.086,31,29.5,31c0.828,0,1.5-0.672,1.5-1.5c0-0.414-0.168-0.789-0.439-1.061L28.561,26.439z M17.5,29    c-0.829,0-1.5,0.672-1.5,1.5v3c0,0.828,0.671,1.5,1.5,1.5s1.5-0.672,1.5-1.5v-3C19,29.672,18.329,29,17.5,29z M17.5,7    C11.71,7,7,11.71,7,17.5S11.71,28,17.5,28S28,23.29,28,17.5S23.29,7,17.5,7z M17.5,25c-4.136,0-7.5-3.364-7.5-7.5    c0-4.136,3.364-7.5,7.5-7.5c4.136,0,7.5,3.364,7.5,7.5C25,21.636,21.636,25,17.5,25z"
                          style={
                            Object {
                              "clipRule": "evenodd",
                              "fillRule": "evenodd",
                            }
                          }
                        />
                      </g>
                    </g>
                  </svg>
                </label>
                <input
                  checked={false}
                  className="toggle border-border-color-primary"
                  id="cb1"
                  onChange={[Function]}
                  type="checkbox"
                />
                <label
                  className="toggle-button"
                  htmlFor="cb1"
                />
                <label
                  htmlFor="cb1"
                >
                  <svg
                    enableBackground="new 0 0 100 100"
                    id="nightIcon"
                    version="1.1"
                    viewBox="0 0 100 100"
                    x="0px"
                    xmlSpace="preserve"
                    xmlns="http://www.w3.org/2000/svg"
                    y="0px"
                  >
                    <path
                      d="M96.76,66.458c-0.853-0.852-2.15-1.064-3.23-0.534c-6.063,2.991-12.858,4.571-19.655,4.571  C62.022,70.495,50.88,65.88,42.5,57.5C29.043,44.043,25.658,23.536,34.076,6.47c0.532-1.08,0.318-2.379-0.534-3.23  c-0.851-0.852-2.15-1.064-3.23-0.534c-4.918,2.427-9.375,5.619-13.246,9.491c-9.447,9.447-14.65,22.008-14.65,35.369  c0,13.36,5.203,25.921,14.65,35.368s22.008,14.65,35.368,14.65c13.361,0,25.921-5.203,35.369-14.65  c3.872-3.871,7.064-8.328,9.491-13.246C97.826,68.608,97.611,67.309,96.76,66.458z"
                    />
                  </svg>
                </label>
              </div>
            </div>
          </div>
        </nav>
        <div
          className="items-center justify-end hidden space-x-8 lg:flex lg:flex-1 lg:w-0"
        >
          <a
            aria-current={null}
            className="text-base font-medium leading-6 text-gray-600 whitespace-no-wrap hover:text-textColor-primary hover:border-b hover:pb-2 hover:border-gray-500 focus:border-gray-500 focus:outline-none focus:text-textColor-primary"
            href="/login"
            onClick={[Function]}
          >
            Login
          </a>
          <span
            className="inline-flex rounded-lg shadow-sm"
          >
            <a
              aria-current={null}
              className="inline-flex items-center justify-center px-4 py-2 text-base font-medium leading-6 text-white whitespace-no-wrap transition duration-150 ease-in-out bg-blue-800 border border-transparent rounded-lg hover:bg-blue-600 focus:outline-none focus:border-blue-700 focus:shadow-outline-blue active:bg-blue-700"
              href="/self-assessment"
              onClick={[Function]}
            >
              Checkup
            </a>
          </span>
        </div>
      </div>
    </div>
    <div
      className="absolute inset-x-0 top-0 p-2 transition origin-top-right transform lg:hidden"
    >
      <div
        className="rounded-lg shadow-lg"
      >
        <div
          className="divide-y-2 rounded-lg shadow-xs bg-background-primary divide-gray-50"
        >
          <div
            className="px-5 pt-5 pb-6 space-y-6"
          >
            <div
              className="flex items-center justify-between"
            >
              <div>
                <a
                  href="/"
                  onClick={[Function]}
                >
                  <h1
                    className="text-3xl font-medium transition duration-150 ease-in-out "
                  >
                    <span
                      className="text-4xl font-black text-blue-800"
                    >
                      EX
                    </span>
                    <span
                      className="text-textColor-primary"
                    >
                      hale
                    </span>
                  </h1>
                </a>
              </div>
              <div
                className="flex -mr-2 felx-row"
              >
                <div
                  className="my-auto"
                >
                  <div
                    className=""
                  >
                    <div
                      className="button-con flex flex-row "
                    >
                      <label
                        className="my-auto"
                        htmlFor="cb1"
                      >
                        <svg
                          id="dayIcon"
                          style={
                            Object {
                              "enableBackground": "new 0 0 35 35",
                            }
                          }
                          version="1.1"
                          viewBox="0 0 35 35"
                          x="0px"
                          xmlSpace="preserve"
                          xmlns="http://www.w3.org/2000/svg"
                          y="0px"
                        >
                          <g
                            id="Sun"
                          >
                            <g>
                              <path
                                d="M6,17.5C6,16.672,5.328,16,4.5,16h-3C0.672,16,0,16.672,0,17.5    S0.672,19,1.5,19h3C5.328,19,6,18.328,6,17.5z M7.5,26c-0.414,0-0.789,0.168-1.061,0.439l-2,2C4.168,28.711,4,29.086,4,29.5    C4,30.328,4.671,31,5.5,31c0.414,0,0.789-0.168,1.06-0.44l2-2C8.832,28.289,9,27.914,9,27.5C9,26.672,8.329,26,7.5,26z M17.5,6    C18.329,6,19,5.328,19,4.5v-3C19,0.672,18.329,0,17.5,0S16,0.672,16,1.5v3C16,5.328,16.671,6,17.5,6z M27.5,9    c0.414,0,0.789-0.168,1.06-0.439l2-2C30.832,6.289,31,5.914,31,5.5C31,4.672,30.329,4,29.5,4c-0.414,0-0.789,0.168-1.061,0.44    l-2,2C26.168,6.711,26,7.086,26,7.5C26,8.328,26.671,9,27.5,9z M6.439,8.561C6.711,8.832,7.086,9,7.5,9C8.328,9,9,8.328,9,7.5    c0-0.414-0.168-0.789-0.439-1.061l-2-2C6.289,4.168,5.914,4,5.5,4C4.672,4,4,4.672,4,5.5c0,0.414,0.168,0.789,0.439,1.06    L6.439,8.561z M33.5,16h-3c-0.828,0-1.5,0.672-1.5,1.5s0.672,1.5,1.5,1.5h3c0.828,0,1.5-0.672,1.5-1.5S34.328,16,33.5,16z     M28.561,26.439C28.289,26.168,27.914,26,27.5,26c-0.828,0-1.5,0.672-1.5,1.5c0,0.414,0.168,0.789,0.439,1.06l2,2    C28.711,30.832,29.086,31,29.5,31c0.828,0,1.5-0.672,1.5-1.5c0-0.414-0.168-0.789-0.439-1.061L28.561,26.439z M17.5,29    c-0.829,0-1.5,0.672-1.5,1.5v3c0,0.828,0.671,1.5,1.5,1.5s1.5-0.672,1.5-1.5v-3C19,29.672,18.329,29,17.5,29z M17.5,7    C11.71,7,7,11.71,7,17.5S11.71,28,17.5,28S28,23.29,28,17.5S23.29,7,17.5,7z M17.5,25c-4.136,0-7.5-3.364-7.5-7.5    c0-4.136,3.364-7.5,7.5-7.5c4.136,0,7.5,3.364,7.5,7.5C25,21.636,21.636,25,17.5,25z"
                                style={
                                  Object {
                                    "clipRule": "evenodd",
                                    "fillRule": "evenodd",
                                  }
                                }
                              />
                            </g>
                          </g>
                        </svg>
                      </label>
                      <input
                        checked={false}
                        className="toggle border-border-color-primary"
                        id="cb1"
                        onChange={[Function]}
                        type="checkbox"
                      />
                      <label
                        className="toggle-button"
                        htmlFor="cb1"
                      />
                      <label
                        htmlFor="cb1"
                      >
                        <svg
                          enableBackground="new 0 0 100 100"
                          id="nightIcon"
                          version="1.1"
                          viewBox="0 0 100 100"
                          x="0px"
                          xmlSpace="preserve"
                          xmlns="http://www.w3.org/2000/svg"
                          y="0px"
                        >
                          <path
                            d="M96.76,66.458c-0.853-0.852-2.15-1.064-3.23-0.534c-6.063,2.991-12.858,4.571-19.655,4.571  C62.022,70.495,50.88,65.88,42.5,57.5C29.043,44.043,25.658,23.536,34.076,6.47c0.532-1.08,0.318-2.379-0.534-3.23  c-0.851-0.852-2.15-1.064-3.23-0.534c-4.918,2.427-9.375,5.619-13.246,9.491c-9.447,9.447-14.65,22.008-14.65,35.369  c0,13.36,5.203,25.921,14.65,35.368s22.008,14.65,35.368,14.65c13.361,0,25.921-5.203,35.369-14.65  c3.872-3.871,7.064-8.328,9.491-13.246C97.826,68.608,97.611,67.309,96.76,66.458z"
                          />
                        </svg>
                      </label>
                    </div>
                  </div>
                </div>
                <button
                  className="inline-flex items-center justify-center p-2 text-gray-400 transition duration-150 ease-in-out rounded-md hover:text-gray-500 hover:bg-gray-100 focus:outline-none focus:bg-gray-100 focus:text-gray-500"
                  onClick={[Function]}
                  type="button"
                >
                  <svg
                    className="w-6 h-6"
                    fill="none"
                    stroke="currentColor"
                    viewBox="0 0 24 24"
                    xmlns="http://www.w3.org/2000/svg"
                  >
                    <path
                      d="M4 6h16M4 12h16M4 18h16"
                      strokeLinecap="round"
                      strokeLinejoin="round"
                      strokeWidth="2"
                    />
                  </svg>
                </button>
              </div>
            </div>
            <div
              className="hidden  font-medium"
            >
              <nav
                className="grid gap-y-8"
              >
                <a
                  aria-current="page"
                  className="flex items-center p-3 pb-2 -m-3 space-x-3 font-medium text-gray-500 transition duration-150 ease-in-out rounded-md hover:text-textColor-primary hover:border-b hover:pb-2 hover:border-gray-500 focus:border-gray-500 active"
                  href="/"
                  onClick={[Function]}
                  style={Object {}}
                >
                  HOME
                </a>
                <a
                  aria-current={null}
                  className="flex items-center p-3 pb-2 -m-3 space-x-3 font-medium text-gray-500 transition duration-150 ease-in-out rounded-md hover:text-textColor-primary hover:border-b hover:pb-2 hover:border-gray-500 focus:border-gray-500"
                  href="/doctors"
                  onClick={[Function]}
                >
                  Doctors
                </a>
                <a
                  aria-current={null}
                  className="flex items-center p-3 pb-2 -m-3 space-x-3 font-medium text-gray-500 transition duration-150 ease-in-out rounded-md hover:text-textColor-primary hover:border-b hover:pb-2 hover:border-gray-500 focus:border-gray-500"
                  href="/articles"
                  onClick={[Function]}
                >
                  Articles
                </a>
                <a
                  aria-current={null}
                  className="text-base font-medium leading-6 text-gray-500 transition duration-150 ease-in-out hover:text-textColor-primary hover:border-b hover:pb-2 hover:border-gray-500 focus:border-gray-500 focus:outline-none focus:text-gray-900"
                  href="/about"
                  onClick={[Function]}
                >
                  AboutUs
                </a>
                <a
                  aria-current={null}
                  className="flex items-center p-3 pb-2 -m-3 space-x-3 font-medium text-gray-500 transition duration-150 ease-in-out rounded-md hover:text-textColor-primary hover:border-b hover:pb-2 hover:border-gray-500 focus:border-gray-500"
                  href="/contact"
                  onClick={[Function]}
                >
                  ContactUs
                </a>
                <div
                  className="space-y-6"
                >
                  <span
                    className="flex w-full rounded-md shadow-sm"
                  >
                    <a
                      aria-current={null}
                      className="flex items-center justify-center w-full px-4 py-2 text-base font-medium leading-6 text-white transition duration-150 ease-in-out bg-blue-800 border border-transparent rounded-md hover:bg-blue-700 focus:outline-none focus:border-blue-700 focus:shadow-outline-blue active:bg-blue-700"
                      href="/self-assessment"
                      onClick={[Function]}
                    >
                      Checkup
                    </a>
                  </span>
                  <p
                    className="text-base font-medium leading-6 text-center text-gray-500"
                  >
                    Existing User
                     
                    <a
                      aria-current={null}
                      className="text-blue-700 transition duration-150 ease-in-out hover:text-blue-500"
                      href="/login"
                      onClick={[Function]}
                    >
                      Login
                    </a>
                  </p>
                </div>
              </nav>
            </div>
          </div>
        </div>
      </div>
    </div>
  </div>,
  " ",
]
`;
