// Jest Snapshot v1, https://goo.gl/fbAQLP

exports[`renders correctly 1`] = `
<div
  className="w-full max-w-md mx-auto"
>
  <form
    className=" pt-6 pb-8 mb-4 bg-white rounded w-full"
    onSubmit={[Function]}
  >
    <input
      className=" w-full  p-2 md:p-3 leading-tight text-gray-700 border rounded  appearance-none focus:outline-none "
      id="name"
      name="name"
      onChange={[Function]}
      placeholder="yourNam"
      type="text"
    />
    <input
      className="mt-2 md:mt-4 w-full  p-2 md:p-3 leading-tight text-gray-700 border rounded  appearance-none focus:outline-none "
      id="email"
      name="email"
      onChange={[Function]}
      placeholder="yourEmail"
      type="text"
    />
    <input
      className="mt-2 md:mt-4 w-full  p-2 md:p-3 leading-tight text-gray-700 border rounded  appearance-none focus:outline-none"
      id="password"
      name="password"
      onChange={[Function]}
      placeholder="yourPassword"
      type="password"
    />
    <input
      className=" mt-2 md:mt-4 w-full  p-2 md:p-3 leading-tight text-gray-700 border rounded  appearance-none focus:outline-none"
      id="confirmPassword"
      name="confirmPassword"
      onChange={[Function]}
      placeholder="confirmYourPassword"
      type="password"
    />
    <button
      className="w-full  md:px-4 py-1 md:py-3 mt-2 font-bold text-white bg-blue-800 rounded hover:bg-blue-700 focus:outline-none focus:shadow-outline"
      type="submit"
    >
      SignUP
    </button>
    <div
      className="text-lg text-red-500"
    >
      
    </div>
  </form>
</div>
`;
